📊 东京 墨田区 天气趋势报告 (2026-02-02)
========================================

🕰️ 过去3天回顾:
   2026-01-30: 6.8°C / 0.9°C (晴朗)
   2026-01-31: 7.8°C / 0.3°C (晴朗)
   2026-02-01: 9.4°C / 0.8°C (大部分晴朗)

✨ 今日天气 (2026-02-02):
   状况: 大部分晴朗
   气温: 9.2°C / 2.1°C
   降水概率: 25%

🔮 未来3天预报:
   2026-02-03: 8.1°C / 1.3°C (晴朗)
   2026-02-04: 8.8°C / 0.9°C (部分多云)
   2026-02-05: 13.0°C / 3.1°C (阴天)

📈 气温趋势分析:
   气温与昨天相比变化不大。

----------------------------------------

趋势报告已更新至: /home/tetsuya/weather.openclaw.lcmd/daily_weather.txt
📊 东京 墨田区 天气趋势报告 (2026-02-03)
========================================

🕰️ 过去3天回顾:
   2026-01-31: 7.8°C / 0.3°C (晴朗)
   2026-02-01: 9.4°C / 0.8°C (大部分晴朗)
   2026-02-02: 9.8°C / 2.1°C (部分多云)

✨ 今日天气 (2026-02-03):
   状况: 大部分晴朗
   气温: 8.4°C / 2.0°C
   降水概率: 3%

🔮 未来3天预报:
   2026-02-04: 8.9°C / 0.9°C (部分多云)
   2026-02-05: 10.9°C / 2.7°C (阴天)
   2026-02-06: 14.1°C / 3.7°C (阴天)

📈 气温趋势分析:
   气温与昨天相比变化不大。

----------------------------------------

趋势报告已更新至: /home/tetsuya/weather.openclaw.lcmd/daily_weather.txt
📊 东京 墨田区 天气趋势报告 (2026-02-04)
========================================

🕰️ 过去3天回顾:
   2026-02-01: 9.4°C / 0.8°C (大部分晴朗)
   2026-02-02: 9.8°C / 2.1°C (部分多云)
   2026-02-03: 8.6°C / 2.3°C (部分多云)

✨ 今日天气 (2026-02-04):
   状况: 部分多云
   气温: 9.8°C / 1.1°C
   降水概率: 0%

🔮 未来3天预报:
   2026-02-05: 11.4°C / 2.8°C (阴天)
   2026-02-06: 13.6°C / 3.3°C (阴天)
   2026-02-07: 5.8°C / -0.3°C (轻微雪)

📈 气温趋势分析:
   气温与昨天相比变化不大。
   提示：预计明天会进一步升温 (+1.6°C)。

----------------------------------------

趋势报告已更新至: /home/tetsuya/weather.openclaw.lcmd/daily_weather.txt
📊 东京 墨田区 天气趋势报告 (2026-02-05)
========================================

🕰️ 过去3天回顾:
   2026-02-02: 9.8°C / 2.1°C (部分多云)
   2026-02-03: 8.6°C / 2.3°C (部分多云)
   2026-02-04: 9.4°C / 0.9°C (部分多云)

✨ 今日天气 (2026-02-05):
   状况: 部分多云
   气温: 11.3°C / 2.8°C
   降水概率: 0%

🔮 未来3天预报:
   2026-02-06: 13.8°C / 3.0°C (部分多云)
   2026-02-07: 5.4°C / 1.6°C (阴天)
   2026-02-08: 1.1°C / -1.3°C (未知)

📈 气温趋势分析:
   今天比昨天明显升温了 (+1.9°C)。
   提示：预计明天会进一步升温 (+2.5°C)。

----------------------------------------

趋势报告已更新至: /home/tetsuya/weather.openclaw.lcmd/daily_weather.txt
📊 东京 墨田区 天气趋势报告 (2026-02-06)
========================================

🕰️ 过去3天回顾:
   2026-02-03: 8.6°C / 2.3°C (部分多云)
   2026-02-04: 9.4°C / 0.9°C (部分多云)
   2026-02-05: 11.9°C / 2.5°C (阴天)

✨ 今日天气 (2026-02-06):
   状况: 部分多云
   气温: 12.7°C / 2.2°C
   降水概率: 0%

🔮 未来3天预报:
   2026-02-07: 6.0°C / 1.7°C (阴天)
   2026-02-08: 4.3°C / -0.6°C (轻微雪)
   2026-02-09: 7.3°C / -2.8°C (晴朗)

📈 气温趋势分析:
   气温与昨天相比变化不大。
   提示：预计明天会明显变冷 (-6.7°C)，注意保暖！

----------------------------------------

趋势报告已更新至: /home/tetsuya/weather.openclaw.lcmd/daily_weather.txt
📊 东京 墨田区 天气趋势报告 (2026-02-07)
========================================

🕰️ 过去3天回顾:
   2026-02-04: 9.4°C / 0.9°C (部分多云)
   2026-02-05: 11.9°C / 2.5°C (阴天)
   2026-02-06: 13.1°C / 1.9°C (大部分晴朗)

✨ 今日天气 (2026-02-07):
   状况: 轻微毛毛雨
   气温: 5.2°C / 1.0°C
   降水概率: 93%

🔮 未来3天预报:
   2026-02-08: 3.5°C / -2.2°C (适中雪)
   2026-02-09: 7.1°C / -1.5°C (晴朗)
   2026-02-10: 11.7°C / 0.3°C (阴天)

📈 气温趋势分析:
   今天比昨天明显降温了 (-7.9°C)。
   提示：预计明天会明显变冷 (-1.7°C)，注意保暖！

----------------------------------------
💡 提醒：今天降水概率较高，请记得带伞。
趋势报告已更新至: /home/tetsuya/weather.openclaw.lcmd/daily_weather.txt
📊 东京 墨田区 天气趋势报告 (2026-02-08)
========================================

🕰️ 过去3天回顾:
   2026-02-05: 11.9°C / 2.5°C (阴天)
   2026-02-06: 13.1°C / 1.9°C (大部分晴朗)
   2026-02-07: 5.2°C / 0.8°C (适中毛毛雨)

✨ 今日天气 (2026-02-08):
   状况: 适中雪
   气温: 3.5°C / -1.7°C
   降水概率: 100%

🔮 未来3天预报:
   2026-02-09: 7.4°C / -2.0°C (晴朗)
   2026-02-10: 12.2°C / 0.4°C (阴天)
   2026-02-11: 10.4°C / 1.6°C (轻微雨)

📈 气温趋势分析:
   今天比昨天明显降温了 (-1.7°C)。
   提示：预计明天会进一步升温 (+3.9°C)。

----------------------------------------
💡 提醒：今天降水概率较高，请记得带伞。
趋势报告已更新至: /home/tetsuya/weather.openclaw.lcmd/daily_weather.txt
📊 东京 墨田区 天气趋势报告 (2026-02-09)
========================================

🕰️ 过去3天回顾:
   2026-02-06: 13.1°C / 1.9°C (大部分晴朗)
   2026-02-07: 5.2°C / 0.8°C (适中毛毛雨)
   2026-02-08: 1.5°C / -2.1°C (适中雪)

✨ 今日天气 (2026-02-09):
   状况: 晴朗
   气温: 7.8°C / -1.7°C
   降水概率: 0%

🔮 未来3天预报:
   2026-02-10: 11.1°C / 0.8°C (阴天)
   2026-02-11: 14.0°C / 7.1°C (适中雨)
   2026-02-12: 10.9°C / 2.6°C (阴天)

📈 气温趋势分析:
   今天比昨天明显升温了 (+6.3°C)。
   提示：预计明天会进一步升温 (+3.3°C)。

----------------------------------------

趋势报告已更新至: /home/tetsuya/weather.openclaw.lcmd/daily_weather.txt
📊 东京 墨田区 天气趋势报告 (2026-02-10)
========================================

🕰️ 过去3天回顾:
   2026-02-07: 5.2°C / 0.8°C (适中毛毛雨)
   2026-02-08: 1.5°C / -2.1°C (适中雪)
   2026-02-09: 8.0°C / -1.7°C (晴朗)

✨ 今日天气 (2026-02-10):
   状况: 阴天
   气温: 10.6°C / 1.2°C
   降水概率: 0%

🔮 未来3天预报:
   2026-02-11: 10.6°C / 5.1°C (适中雨)
   2026-02-12: 10.3°C / 4.2°C (部分多云)
   2026-02-13: 12.6°C / 2.5°C (阴天)

📈 气温趋势分析:
   今天比昨天明显升温了 (+2.6°C)。

----------------------------------------

趋势报告已更新至: /home/tetsuya/weather.openclaw.lcmd/daily_weather.txt
📊 东京 墨田区 天气趋势报告 (2026-02-11)
========================================

🕰️ 过去3天回顾:
   2026-02-08: 1.5°C / -2.1°C (适中雪)
   2026-02-09: 8.0°C / -1.7°C (晴朗)
   2026-02-10: 10.3°C / 0.9°C (阴天)

✨ 今日天气 (2026-02-11):
   状况: 适中雨
   气温: 10.6°C / 4.7°C
   降水概率: 93%

🔮 未来3天预报:
   2026-02-12: 10.2°C / 3.8°C (部分多云)
   2026-02-13: 11.1°C / 3.1°C (晴朗)
   2026-02-14: 15.1°C / 2.4°C (大部分晴朗)

📈 气温趋势分析:
   气温与昨天相比变化不大。

----------------------------------------
💡 提醒：今天降水概率较高，请记得带伞。
趋势报告已更新至: /home/tetsuya/weather.openclaw.lcmd/daily_weather.txt
📊 东京 墨田区 天气趋势报告 (2026-02-12)
========================================

🕰️ 过去3天回顾:
   2026-02-09: 8.0°C / -1.7°C (晴朗)
   2026-02-10: 10.3°C / 0.9°C (阴天)
   2026-02-11: 10.9°C / 4.1°C (适中雨)

✨ 今日天气 (2026-02-12):
   状况: 部分多云
   气温: 10.7°C / 4.1°C
   降水概率: 3%

🔮 未来3天预报:
   2026-02-13: 11.2°C / 3.1°C (大部分晴朗)
   2026-02-14: 13.4°C / 3.2°C (晴朗)
   2026-02-15: 16.6°C / 6.5°C (晴朗)

📈 气温趋势分析:
   气温与昨天相比变化不大。

----------------------------------------

趋势报告已更新至: /home/tetsuya/weather.openclaw.lcmd/daily_weather.txt
📊 东京 墨田区 天气趋势报告 (2026-02-13)
========================================

🕰️ 过去3天回顾:
   2026-02-10: 10.3°C / 0.9°C (阴天)
   2026-02-11: 10.9°C / 4.1°C (适中雨)
   2026-02-12: 9.6°C / 4.2°C (部分多云)

✨ 今日天气 (2026-02-13):
   状况: 部分多云
   气温: 10.8°C / 2.4°C
   降水概率: 3%

🔮 未来3天预报:
   2026-02-14: 12.9°C / 3.1°C (部分多云)
   2026-02-15: 17.1°C / 4.9°C (晴朗)
   2026-02-16: 11.5°C / 6.1°C (轻微雨)

📈 气温趋势分析:
   气温与昨天相比变化不大。
   提示：预计明天会进一步升温 (+2.1°C)。

----------------------------------------

趋势报告已更新至: /home/tetsuya/weather.openclaw.lcmd/daily_weather.txt
📊 东京 墨田区 天气趋势报告 (2026-02-14)
========================================

🕰️ 过去3天回顾:
   2026-02-11: 11.0°C / 4.1°C (适中雨)
   2026-02-12: 9.6°C / 4.3°C (部分多云)
   2026-02-13: 10.8°C / 3.1°C (大部分晴朗)

✨ 今日天气 (2026-02-14):
   状况: 部分多云
   气温: 13.6°C / 2.4°C
   降水概率: 0%

🔮 未来3天预报:
   2026-02-15: 16.8°C / 5.4°C (晴朗)
   2026-02-16: 12.8°C / 3.9°C (阴天)
   2026-02-17: 9.0°C / 0.9°C (阴天)

📈 气温趋势分析:
   今天比昨天明显升温了 (+2.8°C)。
   提示：预计明天会进一步升温 (+3.2°C)。

----------------------------------------

趋势报告已更新至: /home/tetsuya/weather.openclaw.lcmd/daily_weather.txt
📊 东京 墨田区 天气趋势报告 (2026-02-15)
========================================

🕰️ 过去3天回顾:
   2026-02-12: 9.6°C / 4.3°C (部分多云)
   2026-02-13: 10.8°C / 3.1°C (大部分晴朗)
   2026-02-14: 13.5°C / 2.7°C (部分多云)

✨ 今日天气 (2026-02-15):
   状况: 部分多云
   气温: 18.0°C / 5.2°C
   降水概率: 3%

🔮 未来3天预报:
   2026-02-16: 14.5°C / 5.9°C (轻微毛毛雨)
   2026-02-17: 7.9°C / 2.9°C (适中毛毛雨)
   2026-02-18: 13.5°C / 4.1°C (阴天)

📈 气温趋势分析:
   今天比昨天明显升温了 (+4.5°C)。
   提示：预计明天会明显变冷 (-3.5°C)，注意保暖！

----------------------------------------

趋势报告已更新至: /home/tetsuya/weather.openclaw.lcmd/daily_weather.txt
